// Jest Snapshot v1, https://goo.gl/fbAQLP

exports[`Empty ParentTestComponent snapshot 1`] = `
<div>
  <h1
    style={
      Object {
        "color": undefined,
      }
    }
  >
    HELLO WORLD!
  </h1>
  <TestComponent
    color="blue"
    text="Lorem Ipsum"
  />
</div>
`;
