// Jest Snapshot v1, https://goo.gl/fbAQLP

exports[`Search snapshot test 1`] = `
<div>
  <h1
    style={
      Object {
        "color": undefined,
      }
    }
  />
  <small>
    Lorem Ipsum
  </small>
</div>
`;
